Opened log file '[REDACTED_LOCAL_PATH]'

************* Preparing the environment for Debugger Extensions Gallery repositories **************
   ExtensionRepository : Implicit
   UseExperimentalFeatureForNugetShare : true
   AllowNugetExeUpdate : true
   NonInteractiveNuget : true
   AllowNugetMSCredentialProviderInstall : true
   AllowParallelInitializationOfLocalRepositories : true

   -- Configuring repositories
      ----> Repository : LocalInstalled, Enabled: true
      ----> Repository : UserExtensions, Enabled: true

>>>>>>>>>>>>> Preparing the environment for Debugger Extensions Gallery repositories completed, duration 0.000 seconds

************* Waiting for Debugger Extensions Gallery to Initialize **************

>>>>>>>>>>>>> Waiting for Debugger Extensions Gallery to Initialize completed, duration 0.015 seconds
   ----> Repository : UserExtensions, Enabled: true, Packages count: 0
   ----> Repository : LocalInstalled, Enabled: true, Packages count: 46

Microsoft (R) Windows Debugger Version 10.0.29617.1000 AMD64
Copyright (c) Microsoft Corporation. All rights reserved.

*** wait with pending attach
NatVis script successfully loaded from '[REDACTED_LOCAL_PATH]'
NatVis script successfully loaded from '[REDACTED_LOCAL_PATH]'
NatVis script successfully loaded from '[REDACTED_LOCAL_PATH]'
NatVis script successfully loaded from '[REDACTED_LOCAL_PATH]'
NatVis script successfully loaded from '[REDACTED_LOCAL_PATH]'
NatVis script successfully loaded from '[REDACTED_LOCAL_PATH]'
NatVis script successfully loaded from '[REDACTED_LOCAL_PATH]'
NatVis script successfully loaded from '[REDACTED_LOCAL_PATH]'
NatVis script successfully loaded from '[REDACTED_LOCAL_PATH]'
NatVis script successfully loaded from '[REDACTED_LOCAL_PATH]'
NatVis script successfully loaded from '[REDACTED_LOCAL_PATH]'

************* Path validation summary **************
Response                         Time (ms)     Location
Deferred                                       srv*
Symbol search path is: srv*
Executable search path is:
WARNING: Process 22880 is not attached as a debuggee
         The process can be examined but debug events will not be received
................................................................
................................................................
................................................................
................................................................
................................................................
.................
Loading unloaded module list
.....
(5960.2014): Wake debugger - code 80000007 (first chance)

+------------------------------------------------------------------------+
| This target supports Hardware-enforced Stack Protection. A HW based    |
| "Shadow Stack" may be available to assist in debugging and analysis.   |
| See aka.ms/userhsp for more info.                                      |
|                                                                        |
| dps @ssp                                                               |
|                                                                        |
+------------------------------------------------------------------------+

ntdll!NtWaitForSingleObject+0x14:
00007ffe`204a0e44 c3              ret
0:000> .sympath [REDACTED_LOCAL_PATH]
Symbol search path is: [REDACTED_LOCAL_PATH]
Expanded Symbol search path is: [REDACTED_LOCAL_PATH]

************* Path validation summary **************
Response                         Time (ms)     Location
OK                                             [REDACTED_LOCAL_PATH]
0:000> .reload /f CommunityShaders.dll
*** WARNING: Unable to verify checksum for [REDACTED_LOCAL_PATH]
0:000> .time
Debug session time: Sat Sep 12 14:11:42.685 2026 (UTC + 2:00)
System Uptime: 0 days 0:40:54.682
Process Uptime: 0 days 0:34:39.101
  Kernel time: 0 days 0:20:44.593
  User time: 0 days 0:32:24.406
0:000> ~~[2014]s
ntdll!NtWaitForSingleObject+0x14:
00007ffe`204a0e44 c3              ret
0:000> kv 24
Child-SP          RetAddr               : Args to Child                                                           : Call Site
0000007b`4d19a6b8 00007ffe`1d99be9f     : 3f7fffff`00000000 00000000`3effffff 3f800000`00000000 00000000`3f000000 : ntdll!NtWaitForSingleObject+0x14
0000007b`4d19a6c0 00007ffc`d2b08859     : 000001b6`76143f50 000001b9`a20de370 00000000`00000000 00000000`000017cc : KERNELBASE!WaitForSingleObjectEx+0xaf
0000007b`4d19a760 00007ffc`d2b08aa1     : 00000000`00000000 00000000`00000000 000001b6`76143f50 00000000`00000000 : nvwgf2umx!SetDependencyInfo+0x69e79
0000007b`4d19aa40 00007ffc`d2b09300     : 000001b6`76143f50 0000007b`4d19ae10 00000000`00000083 0000007b`4d19b210 : nvwgf2umx!SetDependencyInfo+0x6a0c1
0000007b`4d19aa70 00007ffc`d2b0938a     : 000001b6`76143f50 00000000`00000000 00000000`3f800000 000001b6`76143f50 : nvwgf2umx!SetDependencyInfo+0x6a920
0000007b`4d19aaa0 00007ffc`d2b09e5b     : 000001b6`76143f50 000001b6`76143f50 73756c46`205d746e 000001b6`76143f50 : nvwgf2umx!SetDependencyInfo+0x6a9aa
0000007b`4d19aad0 00007ffc`d2b9854c     : 00000000`00000000 00000000`3f800000 000001b6`76143f50 00000000`00000001 : nvwgf2umx!SetDependencyInfo+0x6b47b
0000007b`4d19ab00 00007ffe`18d395d2     : 000001b6`740dd088 00000000`00000000 00000000`00000000 00000000`00000000 : nvwgf2umx!OpenAdapter10+0x24c
0000007b`4d19ab30 00007ffe`18d39351     : 000001b6`7613a040 00000000`00000000 00000000`00000000 3fdd70a3`00000000 : d3d11!D3D11CoreRegisterLayers+0x105b2
0000007b`4d19ab60 00007ffe`18e64b50     : 000001b6`7613a040 000001b6`7613a040 00000000`00000000 3fdd70a3`00000000 : d3d11!D3D11CoreRegisterLayers+0x10331
0000007b`4d19ac70 00007ffc`da92d998     : 00007ffc`dac74c70 00007ffc`dac74c70 0000007b`4d19b210 00000000`00000110 : d3d11!D3DKMTOpenResource+0xc4010
0000007b`4d19ace0 00007ffc`da924b06     : 000001b6`7613a118 00007ffc`dac74c70 00000000`00000000 00007ffc`dac74bd8 : vrclient_x64!HmdSystemFactory+0xe7b8
0000007b`4d19ad10 00007ffc`da922de3     : 00000000`00000000 0000007b`4d19b210 00000000`3f000000 00000000`ffffffff : vrclient_x64!HmdSystemFactory+0x5926
0000007b`4d19af10 00007ffc`e92d5c6f     : 00007ffc`ea5de0f0 00007ffc`e95c9000 0000007b`00000001 0000007b`4d19b210 : vrclient_x64!HmdSystemFactory+0x3c03
(Inline Function) --------`--------     : --------`-------- --------`-------- --------`-------- --------`-------- : CommunityShaders!REL::invoke+0x1c (Inline Function @ 00007ffc`e92d5c6f)
(Inline Function) --------`--------     : --------`-------- --------`-------- --------`-------- --------`-------- : CommunityShaders!REL::Relocation<enum vr::EVRCompositorError __cdecl(vr::IVRCompositor *,enum vr::EVREye,vr::Texture_t const *,vr::VRTextureBounds_t const *,enum vr::EVRSubmitFlags)>::operator()+0x28 (Inline Function @ 00007ffc`e92d5c6f)
0000007b`4d19af70 00007ffc`e92d73a2     : 00000002`3628ba00 00007ffc`e95c9000 00000000`00000000 00000000`00000000 : CommunityShaders!``anonymous namespace'::IVRCompositor_Submit::thunk'::`2'::<lambda_4>::operator()+0x92f
*** WARNING: Unable to verify checksum for [REDACTED_LOCAL_PATH]
0000007b`4d19b450 00007ff7`507339d3     : 000001b6`01291750 00000000`00000001 0000007b`4d19f210 0000007b`4d19f200 : CommunityShaders!`anonymous namespace'::IVRCompositor_Submit::thunk+0xd62
0000007b`4d19f1d0 00007ffc`e92d92c0     : 00000000`00001210 00000000`00004444 000001b6`76142354 00000000`00000072 : SkyrimVR+0xc539d3
(Inline Function) --------`--------     : --------`-------- --------`-------- --------`-------- --------`-------- : CommunityShaders!REL::invoke+0x13 (Inline Function @ 00007ffc`e92d92c0)
(Inline Function) --------`--------     : --------`-------- --------`-------- --------`-------- --------`-------- : CommunityShaders!REL::Relocation<enum vr::EVRCompositorError __cdecl(RE::BSOpenVR *,vr::Texture_t const *,vr::VRTextureBounds_t const *,enum vr::EVRSubmitFlags)>::operator()+0x13 (Inline Function @ 00007ffc`e92d92c0)
0000007b`4d19f350 00007ff7`50e03f00     : 000001b6`4bb8eb00 ffffffff`fffffffe 00000000`00000700 00000000`00000072 : CommunityShaders!`anonymous namespace'::BSOpenVR_Submit::thunk+0x290
0000007b`4d19f460 00007ff7`50099bce     : 000001b9`0000001a 00000000`00000006 0000007b`4d19f509 000001b6`5dd9b880 : SkyrimVR+0x1323f00
0000007b`4d19f490 00007ff7`500992fc     : 00000000`00000002 00000000`00000072 000001b6`3f2f8f50 000001b6`00000000 : SkyrimVR+0x5b9bce
0000007b`4d19f570 00007ff7`50098ca3     : 00000000`00000000 000001b6`5dd9bd80 00000000`00000002 00000000`00000000 : SkyrimVR+0x5b92fc
0000007b`4d19f5d0 00007ff7`5009b18d     : 00000000`00000001 00000000`00000001 000001b8`f4c0b040 000001b8`f4c4f100 : SkyrimVR+0x5b8ca3
*** WARNING: Unable to verify checksum for [REDACTED_LOCAL_PATH]
0000007b`4d19f760 00007ffc`e55fb5c5     : 000001b6`5dd9bd80 00007ffe`1e6e1789 00000000`00000000 00000000`00000000 : SkyrimVR+0x5bb18d
*** WARNING: Unable to verify checksum for [REDACTED_LOCAL_PATH]
0000007b`4d19f7b0 00007ffc`e87d395e     : 000001b6`5dd9bd80 00000000`00000000 00000000`00000000 00000000`000109ae : PlayerRotationGPSupport!SKSEPlugin_Load+0x55ac5
0000007b`4d19f850 00007ff7`50096e94     : 00000000`00000000 00000000`00000000 00000000`00000000 00000000`0000000a : hdtsmp64+0x4395e
0000007b`4d19f890 00007ff7`500942c5     : 00000000`0000000a 00000000`00000000 00000000`0000000a 00007ff7`00000002 : SkyrimVR+0x5b6e94
0000007b`4d19f920 00007ff7`50e6af0a     : 00000000`0000000a 00000000`00000000 00000000`00000000 00000000`00000000 : SkyrimVR+0x5b42c5
0000007b`4d19f950 00007ffe`1ebfcd87     : 00000000`00000000 00000000`00000000 00000000`00000000 00000000`00000000 : SkyrimVR+0x138af0a
0000007b`4d19f990 00007ffe`203ecaec     : 00000000`00000000 00000000`00000000 00000000`00000000 00000000`00000000 : KERNEL32!BaseThreadInitThunk+0x17
0000007b`4d19f9c0 00000000`00000000     : 00000000`00000000 00000000`00000000 00000000`00000000 00000000`00000000 : ntdll!RtlUserThreadStart+0x2c
0:000> .frame /r 2
02 0000007b`4d19a760 00007ffc`d2b08aa1     nvwgf2umx!SetDependencyInfo+0x69e79
rax=0000000000000004 rbx=000001b676143f50 rcx=00000000000017cc
rdx=0000000000000000 rsi=00000000000005af rdi=0000000000000000
rip=00007ffcd2b08859 rsp=0000007b4d19a760 rbp=0000000000000083
 r8=0000007b4d19a6e8  r9=0000000000000000 r10=00000000000017cc
r11=00000000000017cc r12=0000000000000001 r13=0000000000000000
r14=0000007b4d19b210 r15=0000000000000000
iopl=0         nv up ei pl zr na pe nc
cs=0033  ss=002b  ds=002b  es=002b  fs=0053  gs=002b             efl=00000246
nvwgf2umx!SetDependencyInfo+0x69e79:
00007ffc`d2b08859 488b8bc8060000  mov     rcx,qword ptr [rbx+6C8h] ds:000001b6`76144618=000001b6748a4180
0:000> ~~[8b34]s
ntdll!NtDelayExecution+0x14:
00007ffe`204a1444 c3              ret
0:143> kv 24
Child-SP          RetAddr               : Args to Child                                                           : Call Site
0000007b`5533ece8 00000000`00000328     : 00000000`00000001 00007ffc`d26ea4bb 000001b6`6efb7160 00000000`00000000 : ntdll!NtDelayExecution+0x14
0000007b`5533ecf0 00007ffe`1da0bb01     : 00000000`00000000 00000000`00000000 0000007b`5533eeb0 000001bb`2cbee098 : ntdll!RtlDelayExecution+0x34
0000007b`5533ed20 00007ffc`d26e9866     : 00000000`00000000 00000000`00000000 00000000`00000000 00000000`80000f00 : KERNELBASE!SleepEx+0x91
0000007b`5533edb0 00007ffc`d26fe414     : 00000000`00000000 00000000`00000000 00000000`00000010 00000000`00000000 : nvwgf2umx!NVAPI_DirectMethods+0x59946
0000007b`5533f350 00007ffc`d26fdfa3     : 00000000`00000000 00007ffc`d27665ef 8007b940`80000940 00000000`00000000 : nvwgf2umx!NVAPI_DirectMethods+0x6e4f4
0000007b`5533f3a0 00007ffc`d26faacb     : 000001b6`6e483280 000001bb`2cbea1a0 00000000`00000000 00000000`00000003 : nvwgf2umx!NVAPI_DirectMethods+0x6e083
0000007b`5533f430 00007ffc`d26fa03e     : 000001b6`4f354300 00007ffc`d2fa16c9 000083b4`20f0daf7 00000000`00000000 : nvwgf2umx!NVAPI_DirectMethods+0x6abab
0000007b`5533f520 00007ffc`d26864fd     : 00000000`00000000 00000000`00000000 00000000`00000000 000083b4`20f0cfe7 : nvwgf2umx!NVAPI_DirectMethods+0x6a11e
0000007b`5533f5e0 00007ffc`d268b248     : 000001b6`6efb7160 00000000`00000000 0000007b`5533f740 000001b6`76152ba8 : nvwgf2umx+0x1164fd
0000007b`5533f640 00007ffc`d2687a1e     : 00000000`00000000 000001b6`6eccdb40 00000000`00000012 000001ba`3e904710 : nvwgf2umx+0x11b4c0
0000007b`5533f890 00007ffc`d285c8d1     : 000001b6`76144300 000001b6`76144d80 00000000`00000000 000001ba`3e904710 : nvwgf2umx+0x117a1e
0000007b`5533f910 00007ffc`d2b083ef     : 000001b6`76143f50 000001b6`76144d80 0000007b`5533f9a0 000001b6`00000001 : nvwgf2umx!NVENCODEAPI_Thunk+0xb8871
0000007b`5533f950 00007ffc`d2b08350     : 00000000`00000001 00000000`00000000 00000000`000007d0 000001b6`76143f50 : nvwgf2umx!SetDependencyInfo+0x69a0f
0000007b`5533f980 00007ffc`d2afcb4d     : 000001b6`76144478 00000000`00000000 00000000`00000000 00000000`00000000 : nvwgf2umx!SetDependencyInfo+0x69970
0000007b`5533fa00 00007ffc`d30124da     : 00000000`00000000 000001b6`75126710 00000000`00000000 00000000`00000000 : nvwgf2umx!SetDependencyInfo+0x5e16d
0000007b`5533fa30 00007ffc`d342a2aa     : 000001b6`6e69e530 00000000`00000000 00000000`00000000 00000000`00000000 : nvwgf2umx!NVDEV_Thunk+0x15ed5a
0000007b`5533fa60 00007ffe`1ebfcd87     : 00000000`00000000 00000000`00000000 00000000`00000000 00000000`00000000 : nvwgf2umx!NVDEV_Thunk+0x576b2a
0000007b`5533fa90 00007ffe`203ecaec     : 00000000`00000000 00000000`00000000 000004f0`fffffb30 000004d0`fffffb30 : KERNEL32!BaseThreadInitThunk+0x17
0000007b`5533fac0 00000000`00000000     : 00000000`00000000 00000000`00000000 00000000`00000000 00000000`00000000 : ntdll!RtlUserThreadStart+0x2c
0:143> .frame /r c
Cannot find frame 0xc, previous scope unchanged
00 0000007b`5533ece8 00007ffe`20413924     ntdll!NtDelayExecution+0x14
rax=0000000000000034 rbx=0000007b5533edc0 rcx=0000000000000000
rdx=0000007b5533edc0 rsi=0000007b4d252000 rdi=0000000000000000
rip=00007ffe204a1444 rsp=0000007b5533ece8 rbp=0000000000000000
 r8=0000000000000000  r9=000000007ffea000 r10=0000000000000000
r11=0000000000000000 r12=000001b66efb7160 r13=0000000000000001
r14=0000000000000000 r15=0000000000000001
iopl=0         nv up ei pl zr na pe nc
cs=0033  ss=002b  ds=002b  es=002b  fs=0053  gs=002b             efl=00000246
ntdll!NtDelayExecution+0x14:
00007ffe`204a1444 c3              ret
0:143> dq 1b676143f50+530 L6
000001b6`76144480  00000000`000017d4 00000000`00008b34
000001b6`76144490  00000000`00000000 000001b6`76143f50
000001b6`761444a0  00000000`000017cc 00000000`000017d0
0:143> dw 1ba3e904710 L10
000001ba`3e904710  0000 0000 01bb 0000 000a 0006 0039 0000
000001ba`3e904720  0000 0000 0030 0000 98d0 4edb 01bb 0000
0:143> dq 7b5533f9a0 L3
0000007b`5533f9a0  000001ba`3e8fe400 000001ba`3e905fd0
0000007b`5533f9b0  00000000`00000002
0:143> !runaway 1
 User Mode Time
  Thread       Time
  143:8b34     0 days 0:16:35.484
    0:2014     0 days 0:04:00.875
   93:6b04     0 days 0:00:59.765
   91:60e8     0 days 0:00:59.500
   89:735c     0 days 0:00:59.109
   88:1d8      0 days 0:00:58.500
   90:1c20     0 days 0:00:58.125
   92:6850     0 days 0:00:57.937
  201:8640     0 days 0:00:45.312
  199:86b4     0 days 0:00:37.890
   34:4d30     0 days 0:00:09.281
  144:8b38     0 days 0:00:09.109
  202:86e8     0 days 0:00:08.906
  197:870c     0 days 0:00:06.453
  206:884c     0 days 0:00:05.000
  282:8c50     0 days 0:00:04.500
  279:7590     0 days 0:00:04.390
  294:8700     0 days 0:00:04.218
  293:1fb8     0 days 0:00:04.156
  280:8d00     0 days 0:00:04.156
  291:6134     0 days 0:00:04.093
  292:8d2c     0 days 0:00:04.078
  271:1d30     0 days 0:00:03.750
  284:14bc     0 days 0:00:03.640
  274:8cf8     0 days 0:00:03.640
  272:8edc     0 days 0:00:03.640
  281:6cb4     0 days 0:00:03.625
  295:40d8     0 days 0:00:03.546
  285:5da8     0 days 0:00:03.546
  273:8ed8     0 days 0:00:03.531
  296:984      0 days 0:00:03.515
  287:8c68     0 days 0:00:03.515
  297:65c8     0 days 0:00:03.500
  283:69c0     0 days 0:00:03.484
  277:8c54     0 days 0:00:03.484
  286:8d54     0 days 0:00:03.453
  288:7fb0     0 days 0:00:03.421
  276:8d04     0 days 0:00:03.312
  275:2ba8     0 days 0:00:03.312
  289:8d38     0 days 0:00:03.156
  278:a6c      0 days 0:00:03.062
  245:7880     0 days 0:00:02.906
  229:6e0c     0 days 0:00:02.515
  205:8a94     0 days 0:00:02.156
  219:8684     0 days 0:00:02.140
  213:8a60     0 days 0:00:02.109
   63:687c     0 days 0:00:01.953
  211:5788     0 days 0:00:01.671
  209:85f8     0 days 0:00:01.625
  226:7fac     0 days 0:00:01.609
  214:d6c      0 days 0:00:01.593
  290:8d64     0 days 0:00:01.515
  224:8698     0 days 0:00:01.453
  255:8fac     0 days 0:00:01.421
  254:8d74     0 days 0:00:01.421
  253:8fd0     0 days 0:00:01.406
  220:85d8     0 days 0:00:01.406
  212:86dc     0 days 0:00:01.390
  252:8fc4     0 days 0:00:01.343
  308:3c1c     0 days 0:00:01.265
  225:6eb4     0 days 0:00:01.265
  228:8634     0 days 0:00:01.250
  168:8bb4     0 days 0:00:01.218
  217:87f4     0 days 0:00:01.203
  208:6a70     0 days 0:00:01.203
  230:86f0     0 days 0:00:01.187
  307:106c     0 days 0:00:01.156
  222:7a60     0 days 0:00:01.140
  210:8134     0 days 0:00:01.140
  221:553c     0 days 0:00:01.078
  216:2810     0 days 0:00:01.000
  231:2ae8     0 days 0:00:00.937
  267:6f50     0 days 0:00:00.921
  218:863c     0 days 0:00:00.906
  260:8cbc     0 days 0:00:00.875
  239:8ee0     0 days 0:00:00.875
  227:8604     0 days 0:00:00.828
  207:1f08     0 days 0:00:00.828
   27:4e14     0 days 0:00:00.828
  215:8668     0 days 0:00:00.812
  259:2ea8     0 days 0:00:00.781
  262:68a8     0 days 0:00:00.750
  265:8eec     0 days 0:00:00.734
  303:5608     0 days 0:00:00.687
  298:8fa4     0 days 0:00:00.687
  238:6880     0 days 0:00:00.687
  270:54e0     0 days 0:00:00.640
  302:8f44     0 days 0:00:00.625
  299:3ac8     0 days 0:00:00.625
  261:67f4     0 days 0:00:00.625
  223:869c     0 days 0:00:00.625
  301:8fc8     0 days 0:00:00.609
  263:77bc     0 days 0:00:00.593
  269:8ef0     0 days 0:00:00.578
  257:8fa8     0 days 0:00:00.578
   21:43d0     0 days 0:00:00.578
  304:8c64     0 days 0:00:00.562
  258:8fb0     0 days 0:00:00.562
  266:2fac     0 days 0:00:00.531
  306:48d0     0 days 0:00:00.515
  305:4e84     0 days 0:00:00.515
  189:85fc     0 days 0:00:00.515
  181:8bf0     0 days 0:00:00.515
  264:8f54     0 days 0:00:00.500
  300:8f40     0 days 0:00:00.484
  256:8f90     0 days 0:00:00.468
  191:8648     0 days 0:00:00.468
  184:8bfc     0 days 0:00:00.468
   15:a4c      0 days 0:00:00.468
  178:8be4     0 days 0:00:00.453
  176:8bdc     0 days 0:00:00.453
  173:8bd0     0 days 0:00:00.453
   22:430c     0 days 0:00:00.453
   16:660c     0 days 0:00:00.453
  190:864c     0 days 0:00:00.437
  182:8bf4     0 days 0:00:00.437
  169:8bc0     0 days 0:00:00.437
   26:6c44     0 days 0:00:00.437
   20:5eac     0 days 0:00:00.437
  268:8d44     0 days 0:00:00.421
  175:8bd8     0 days 0:00:00.421
   29:26b4     0 days 0:00:00.421
   19:5f48     0 days 0:00:00.406
  177:8be0     0 days 0:00:00.390
  170:8bc4     0 days 0:00:00.390
  192:8628     0 days 0:00:00.375
  188:8824     0 days 0:00:00.375
  186:8610     0 days 0:00:00.375
  180:8bec     0 days 0:00:00.375
   25:5fc0     0 days 0:00:00.375
  172:8bcc     0 days 0:00:00.359
  174:8bd4     0 days 0:00:00.343
  187:8838     0 days 0:00:00.328
  185:7f58     0 days 0:00:00.328
  183:8bf8     0 days 0:00:00.312
   24:2974     0 days 0:00:00.312
  171:8bc8     0 days 0:00:00.296
   28:3da0     0 days 0:00:00.296
   17:5f08     0 days 0:00:00.296
   11:1b10     0 days 0:00:00.296
  179:8be8     0 days 0:00:00.281
   23:4440     0 days 0:00:00.281
   12:2e60     0 days 0:00:00.281
   18:29b4     0 days 0:00:00.250
   14:6b5c     0 days 0:00:00.250
   13:900      0 days 0:00:00.250
  195:8a1c     0 days 0:00:00.218
    2:7924     0 days 0:00:00.218
    4:6664     0 days 0:00:00.187
   32:6ac8     0 days 0:00:00.171
  242:8294     0 days 0:00:00.156
  240:8f74     0 days 0:00:00.125
    6:6b64     0 days 0:00:00.125
    5:47cc     0 days 0:00:00.125
    3:7914     0 days 0:00:00.125
   30:57dc     0 days 0:00:00.109
    7:8b4      0 days 0:00:00.109
  117:8a78     0 days 0:00:00.093
  233:86f4     0 days 0:00:00.078
   35:3080     0 days 0:00:00.062
  246:2e9c     0 days 0:00:00.046
  243:39b8     0 days 0:00:00.046
  196:871c     0 days 0:00:00.046
  110:67e0     0 days 0:00:00.046
  109:6460     0 days 0:00:00.046
  104:1e78     0 days 0:00:00.046
  101:4c28     0 days 0:00:00.046
  100:34c4     0 days 0:00:00.046
   65:4c48     0 days 0:00:00.046
  309:77d4     0 days 0:00:00.031
  249:8f30     0 days 0:00:00.031
  248:2774     0 days 0:00:00.031
  236:398c     0 days 0:00:00.031
  193:87fc     0 days 0:00:00.031
  107:297c     0 days 0:00:00.031
  105:51b8     0 days 0:00:00.031
   97:1378     0 days 0:00:00.031
   96:38e0     0 days 0:00:00.031
   95:5fdc     0 days 0:00:00.031
   75:15a8     0 days 0:00:00.031
   36:3f2c     0 days 0:00:00.031
  311:81fc     0 days 0:00:00.015
  310:3494     0 days 0:00:00.015
  251:5e58     0 days 0:00:00.015
  241:4284     0 days 0:00:00.015
  235:5528     0 days 0:00:00.015
  151:8b58     0 days 0:00:00.015
  136:8b18     0 days 0:00:00.015
  135:8b14     0 days 0:00:00.015
  133:8b0c     0 days 0:00:00.015
  123:8ae4     0 days 0:00:00.015
  116:8a70     0 days 0:00:00.015
  114:8a64     0 days 0:00:00.015
  111:4e10     0 days 0:00:00.015
  108:4c34     0 days 0:00:00.015
  103:6408     0 days 0:00:00.015
   98:27d4     0 days 0:00:00.015
   94:28b0     0 days 0:00:00.015
   84:47b4     0 days 0:00:00.015
   83:a90      0 days 0:00:00.015
   80:3e70     0 days 0:00:00.015
   78:2374     0 days 0:00:00.015
   77:111c     0 days 0:00:00.015
   76:3c60     0 days 0:00:00.015
   71:1080     0 days 0:00:00.015
   70:659c     0 days 0:00:00.015
   68:71d0     0 days 0:00:00.015
   52:1b2c     0 days 0:00:00.015
   43:1b1c     0 days 0:00:00.015
  314:8664     0 days 0:00:00.000
  313:68c0     0 days 0:00:00.000
  312:2250     0 days 0:00:00.000
  250:862c     0 days 0:00:00.000
  247:1b14     0 days 0:00:00.000
  244:3de0     0 days 0:00:00.000
  237:b34      0 days 0:00:00.000
  234:49f8     0 days 0:00:00.000
  232:1e1c     0 days 0:00:00.000
  204:88d0     0 days 0:00:00.000
  203:5078     0 days 0:00:00.000
  200:6b58     0 days 0:00:00.000
  198:86bc     0 days 0:00:00.000
  194:8a34     0 days 0:00:00.000
  167:8bb0     0 days 0:00:00.000
  166:8b94     0 days 0:00:00.000
  165:8b90     0 days 0:00:00.000
  164:8b8c     0 days 0:00:00.000
  163:8b88     0 days 0:00:00.000
  162:8b84     0 days 0:00:00.000
  161:8b80     0 days 0:00:00.000
  160:8b7c     0 days 0:00:00.000
  159:8b78     0 days 0:00:00.000
  158:8b74     0 days 0:00:00.000
  157:8b70     0 days 0:00:00.000
  156:8b6c     0 days 0:00:00.000
  155:8b68     0 days 0:00:00.000
  154:8b64     0 days 0:00:00.000
  153:8b60     0 days 0:00:00.000
  152:8b5c     0 days 0:00:00.000
  150:8b54     0 days 0:00:00.000
  149:8b50     0 days 0:00:00.000
  148:8b4c     0 days 0:00:00.000
  147:8b48     0 days 0:00:00.000
  146:8b44     0 days 0:00:00.000
  145:8b40     0 days 0:00:00.000
  142:8b30     0 days 0:00:00.000
  141:8b2c     0 days 0:00:00.000
  140:8b28     0 days 0:00:00.000
  139:8b24     0 days 0:00:00.000
  138:8b20     0 days 0:00:00.000
  137:8b1c     0 days 0:00:00.000
  134:8b10     0 days 0:00:00.000
  132:8b08     0 days 0:00:00.000
  131:8b04     0 days 0:00:00.000
  130:8b00     0 days 0:00:00.000
  129:8afc     0 days 0:00:00.000
  128:8af8     0 days 0:00:00.000
  127:8af4     0 days 0:00:00.000
  126:8af0     0 days 0:00:00.000
  125:8aec     0 days 0:00:00.000
  124:8ae8     0 days 0:00:00.000
  122:8ae0     0 days 0:00:00.000
  121:8adc     0 days 0:00:00.000
  120:8ad8     0 days 0:00:00.000
  119:8ad4     0 days 0:00:00.000
  118:8a7c     0 days 0:00:00.000
  115:8a6c     0 days 0:00:00.000
  113:2e94     0 days 0:00:00.000
  112:31f8     0 days 0:00:00.000
  106:4a34     0 days 0:00:00.000
  102:3fc8     0 days 0:00:00.000
   99:5b18     0 days 0:00:00.000
   87:3d1c     0 days 0:00:00.000
   86:2d64     0 days 0:00:00.000
   85:597c     0 days 0:00:00.000
   82:5dd8     0 days 0:00:00.000
   81:1c74     0 days 0:00:00.000
   79:2438     0 days 0:00:00.000
   74:2ff0     0 days 0:00:00.000
   73:1a2c     0 days 0:00:00.000
   72:1f94     0 days 0:00:00.000
   69:7668     0 days 0:00:00.000
   67:64c8     0 days 0:00:00.000
   66:4370     0 days 0:00:00.000
   64:6438     0 days 0:00:00.000
   62:6294     0 days 0:00:00.000
   61:6e90     0 days 0:00:00.000
   60:6284     0 days 0:00:00.000
   59:64e4     0 days 0:00:00.000
   58:42f0     0 days 0:00:00.000
   57:3b50     0 days 0:00:00.000
   56:6470     0 days 0:00:00.000
   55:64e8     0 days 0:00:00.000
   54:64dc     0 days 0:00:00.000
   53:6018     0 days 0:00:00.000
   51:67e8     0 days 0:00:00.000
   50:644c     0 days 0:00:00.000
   49:6444     0 days 0:00:00.000
   48:632c     0 days 0:00:00.000
   47:1ec8     0 days 0:00:00.000
   46:6440     0 days 0:00:00.000
   45:6e94     0 days 0:00:00.000
   44:22c0     0 days 0:00:00.000
   42:6450     0 days 0:00:00.000
   41:1a0c     0 days 0:00:00.000
   40:6474     0 days 0:00:00.000
   39:64c4     0 days 0:00:00.000
   38:46d8     0 days 0:00:00.000
   37:1ba4     0 days 0:00:00.000
   33:898      0 days 0:00:00.000
   31:5ce8     0 days 0:00:00.000
   10:31b8     0 days 0:00:00.000
    9:3f38     0 days 0:00:00.000
    8:3ac4     0 days 0:00:00.000
    1:1de4     0 days 0:00:00.000
0:143> qd
quit:
NatVis script unloaded from '[REDACTED_LOCAL_PATH]'
NatVis script unloaded from '[REDACTED_LOCAL_PATH]'
NatVis script unloaded from '[REDACTED_LOCAL_PATH]'
NatVis script unloaded from '[REDACTED_LOCAL_PATH]'
NatVis script unloaded from '[REDACTED_LOCAL_PATH]'
NatVis script unloaded from '[REDACTED_LOCAL_PATH]'
NatVis script unloaded from '[REDACTED_LOCAL_PATH]'
NatVis script unloaded from '[REDACTED_LOCAL_PATH]'
NatVis script unloaded from '[REDACTED_LOCAL_PATH]'
NatVis script unloaded from '[REDACTED_LOCAL_PATH]'
NatVis script unloaded from '[REDACTED_LOCAL_PATH]'
