Opened log file '[REDACTED_LOCAL_PATH]'

************* Preparing the environment for Debugger Extensions Gallery repositories **************
   ExtensionRepository : Implicit
   UseExperimentalFeatureForNugetShare : true
   AllowNugetExeUpdate : true
   NonInteractiveNuget : true
   AllowNugetMSCredentialProviderInstall : true
   AllowParallelInitializationOfLocalRepositories : true

   -- Configuring repositories
      ----> Repository : LocalInstalled, Enabled: true
      ----> Repository : UserExtensions, Enabled: true

>>>>>>>>>>>>> Preparing the environment for Debugger Extensions Gallery repositories completed, duration 0.000 seconds

************* Waiting for Debugger Extensions Gallery to Initialize **************

>>>>>>>>>>>>> Waiting for Debugger Extensions Gallery to Initialize completed, duration 0.031 seconds
   ----> Repository : UserExtensions, Enabled: true, Packages count: 0
   ----> Repository : LocalInstalled, Enabled: true, Packages count: 46

Microsoft (R) Windows Debugger Version 10.0.29617.1000 AMD64
Copyright (c) Microsoft Corporation. All rights reserved.


Loading Dump File [[REDACTED_LOCAL_PATH]]
User Mini Dump File with Full Memory : Only application data is available

Symbol search path is: srv*
Executable search path is:
Windows 10 Version 26200 MP (24 procs) Free x64
Product: WinNt, suite: SingleUserTS Personal
Edition build lab: 26100.1.amd64fre.ge_release.240331-1435
Debug session time: Sat Sep 12 13:55:18.000 2026 (UTC + 2:00)
System Uptime: 0 days 0:24:30.432
Process Uptime: 0 days 0:18:15.000
.NatVis script successfully loaded from '[REDACTED_LOCAL_PATH]'
NatVis script successfully loaded from '[REDACTED_LOCAL_PATH]'
NatVis script successfully loaded from '[REDACTED_LOCAL_PATH]'
NatVis script successfully loaded from '[REDACTED_LOCAL_PATH]'
NatVis script successfully loaded from '[REDACTED_LOCAL_PATH]'
NatVis script successfully loaded from '[REDACTED_LOCAL_PATH]'
NatVis script successfully loaded from '[REDACTED_LOCAL_PATH]'
NatVis script successfully loaded from '[REDACTED_LOCAL_PATH]'
NatVis script successfully loaded from '[REDACTED_LOCAL_PATH]'
NatVis script successfully loaded from '[REDACTED_LOCAL_PATH]'
NatVis script successfully loaded from '[REDACTED_LOCAL_PATH]'
...............................................................
................................................................
................................................................
................................................................
................................................................
.................
Loading unloaded module list
.....
This dump file has an exception of interest stored in it.
The stored exception information can be accessed via .ecxr
(5960.2014): Wake debugger - code 80000007 (first/second chance not available)

+------------------------------------------------------------------------+
| This target supports Hardware-enforced Stack Protection. A HW based    |
| "Shadow Stack" may be available to assist in debugging and analysis.   |
| See aka.ms/userhsp for more info.                                      |
|                                                                        |
| dps @ssp                                                               |
|                                                                        |
+------------------------------------------------------------------------+

For analysis of this file, run !analyze -v
ntdll!NtWaitForSingleObject+0x14:
00007ffe`204a0e44 c3              ret
0:000> .sympath [REDACTED_LOCAL_PATH]
Symbol search path is: [REDACTED_LOCAL_PATH]
Expanded Symbol search path is: [REDACTED_LOCAL_PATH]

************* Path validation summary **************
Response                         Time (ms)     Location
OK                                             [REDACTED_LOCAL_PATH]
0:000> .reload /f CommunityShaders.dll
*** WARNING: Unable to verify checksum for CommunityShaders.dll
0:000> .lines -e
Line number information will be loaded
0:000> ~0s
ntdll!NtWaitForSingleObject+0x14:
00007ffe`204a0e44 c3              ret
0:000> kv 30
Child-SP          RetAddr               : Args to Child                                                           : Call Site
0000007b`4d19a6b8 00007ffe`1d99be9f     : 3f7fffff`00000000 00000000`3effffff 3f800000`00000000 00000000`3f000000 : ntdll!NtWaitForSingleObject+0x14
0000007b`4d19a6c0 00007ffc`d2b08859     : 000001b6`76143f50 000001b9`a20de370 00000000`00000000 00000000`000017cc : KERNELBASE!WaitForSingleObjectEx+0xaf
0000007b`4d19a760 00007ffc`d2b08aa1     : 00000000`00000000 00000000`00000000 000001b6`76143f50 00000000`00000000 : nvwgf2umx!SetDependencyInfo+0x69e79
0000007b`4d19aa40 00007ffc`d2b09300     : 000001b6`76143f50 0000007b`4d19ae10 00000000`00000083 0000007b`4d19b210 : nvwgf2umx!SetDependencyInfo+0x6a0c1
0000007b`4d19aa70 00007ffc`d2b0938a     : 000001b6`76143f50 00000000`00000000 00000000`3f800000 000001b6`76143f50 : nvwgf2umx!SetDependencyInfo+0x6a920
0000007b`4d19aaa0 00007ffc`d2b09e5b     : 000001b6`76143f50 000001b6`76143f50 73756c46`205d746e 000001b6`76143f50 : nvwgf2umx!SetDependencyInfo+0x6a9aa
0000007b`4d19aad0 00007ffc`d2b9854c     : 00000000`00000000 00000000`3f800000 000001b6`76143f50 00000000`00000001 : nvwgf2umx!SetDependencyInfo+0x6b47b
0000007b`4d19ab00 00007ffe`18d395d2     : 000001b6`740dd088 00000000`00000000 00000000`00000000 00000000`00000000 : nvwgf2umx!OpenAdapter10+0x24c
0000007b`4d19ab30 00007ffe`18d39351     : 000001b6`7613a040 00000000`00000000 00000000`00000000 3fdd70a3`00000000 : d3d11!D3D11CoreRegisterLayers+0x105b2
0000007b`4d19ab60 00007ffe`18e64b50     : 000001b6`7613a040 000001b6`7613a040 00000000`00000000 3fdd70a3`00000000 : d3d11!D3D11CoreRegisterLayers+0x10331
0000007b`4d19ac70 00007ffc`da92d998     : 00007ffc`dac74c70 00007ffc`dac74c70 0000007b`4d19b210 00000000`00000110 : d3d11!D3DKMTOpenResource+0xc4010
0000007b`4d19ace0 00007ffc`da924b06     : 000001b6`7613a118 00007ffc`dac74c70 00000000`00000000 00007ffc`dac74bd8 : vrclient_x64!HmdSystemFactory+0xe7b8
0000007b`4d19ad10 00007ffc`da922de3     : 00000000`00000000 0000007b`4d19b210 00000000`3f000000 00000000`ffffffff : vrclient_x64!HmdSystemFactory+0x5926
0000007b`4d19af10 00007ffc`e92d5c6f     : 00007ffc`ea5de0f0 00007ffc`e95c9000 0000007b`00000001 0000007b`4d19b210 : vrclient_x64!HmdSystemFactory+0x3c03
(Inline Function) --------`--------     : --------`-------- --------`-------- --------`-------- --------`-------- : CommunityShaders!REL::invoke+0x1c (Inline Function @ 00007ffc`e92d5c6f) [[REDACTED_LOCAL_PATH]]
(Inline Function) --------`--------     : --------`-------- --------`-------- --------`-------- --------`-------- : CommunityShaders!REL::Relocation<enum vr::EVRCompositorError __cdecl(vr::IVRCompositor *,enum vr::EVREye,vr::Texture_t const *,vr::VRTextureBounds_t const *,enum vr::EVRSubmitFlags)>::operator()+0x28 (Inline Function @ 00007ffc`e92d5c6f) [[REDACTED_LOCAL_PATH]]
0000007b`4d19af70 00007ffc`e92d73a2     : 00000002`3628ba00 00007ffc`e95c9000 00000000`00000000 00000000`00000000 : CommunityShaders!``anonymous namespace'::IVRCompositor_Submit::thunk'::`2'::<lambda_4>::operator()+0x92f [[REDACTED_LOCAL_PATH]]
*** WARNING: Unable to verify checksum for SkyrimVR.exe
0000007b`4d19b450 00007ff7`507339d3     : 000001b6`01291750 00000000`00000001 0000007b`4d19f210 0000007b`4d19f200 : CommunityShaders!`anonymous namespace'::IVRCompositor_Submit::thunk+0xd62 [[REDACTED_LOCAL_PATH]]
0000007b`4d19f1d0 00007ffc`e92d92c0     : 00000000`00001210 00000000`00004444 000001b6`76142354 00000000`00000072 : SkyrimVR+0xc539d3
(Inline Function) --------`--------     : --------`-------- --------`-------- --------`-------- --------`-------- : CommunityShaders!REL::invoke+0x13 (Inline Function @ 00007ffc`e92d92c0) [[REDACTED_LOCAL_PATH]]
(Inline Function) --------`--------     : --------`-------- --------`-------- --------`-------- --------`-------- : CommunityShaders!REL::Relocation<enum vr::EVRCompositorError __cdecl(RE::BSOpenVR *,vr::Texture_t const *,vr::VRTextureBounds_t const *,enum vr::EVRSubmitFlags)>::operator()+0x13 (Inline Function @ 00007ffc`e92d92c0) [[REDACTED_LOCAL_PATH]]
0000007b`4d19f350 00007ff7`50e03f00     : 000001b6`4bb8eb00 ffffffff`fffffffe 00000000`00000700 00000000`00000072 : CommunityShaders!`anonymous namespace'::BSOpenVR_Submit::thunk+0x290 [[REDACTED_LOCAL_PATH]]
0000007b`4d19f460 00007ff7`50099bce     : 000001b9`0000001a 00000000`00000006 0000007b`4d19f509 000001b6`5dd9b880 : SkyrimVR+0x1323f00
0000007b`4d19f490 00007ff7`500992fc     : 00000000`00000002 00000000`00000072 000001b6`3f2f8f50 000001b6`00000000 : SkyrimVR+0x5b9bce
0000007b`4d19f570 00007ff7`50098ca3     : 00000000`00000000 000001b6`5dd9bd80 00000000`00000002 00000000`00000000 : SkyrimVR+0x5b92fc
0000007b`4d19f5d0 00007ff7`5009b18d     : 00000000`00000001 00000000`00000001 000001b8`f4c0b040 000001b8`f4c4f100 : SkyrimVR+0x5b8ca3
*** WARNING: Unable to verify checksum for PlayerRotationGPSupport.dll
0000007b`4d19f760 00007ffc`e55fb5c5     : 000001b6`5dd9bd80 00007ffe`1e6e1789 00000000`00000000 00000000`00000000 : SkyrimVR+0x5bb18d
*** WARNING: Unable to verify checksum for hdtsmp64.dll
0000007b`4d19f7b0 00007ffc`e87d395e     : 000001b6`5dd9bd80 00000000`00000000 00000000`00000000 00000000`000109ae : PlayerRotationGPSupport!SKSEPlugin_Load+0x55ac5
0000007b`4d19f850 00007ff7`50096e94     : 00000000`00000000 00000000`00000000 00000000`00000000 00000000`0000000a : hdtsmp64+0x4395e
0000007b`4d19f890 00007ff7`500942c5     : 00000000`0000000a 00000000`00000000 00000000`0000000a 00007ff7`00000002 : SkyrimVR+0x5b6e94
0000007b`4d19f920 00007ff7`50e6af0a     : 00000000`0000000a 00000000`00000000 00000000`00000000 00000000`00000000 : SkyrimVR+0x5b42c5
0000007b`4d19f950 00007ffe`1ebfcd87     : 00000000`00000000 00000000`00000000 00000000`00000000 00000000`00000000 : SkyrimVR+0x138af0a
0000007b`4d19f990 00007ffe`203ecaec     : 00000000`00000000 00000000`00000000 00000000`00000000 00000000`00000000 : kernel32!BaseThreadInitThunk+0x17
0000007b`4d19f9c0 00000000`00000000     : 00000000`00000000 00000000`00000000 00000000`00000000 00000000`00000000 : ntdll!RtlUserThreadStart+0x2c
0:000> .frame /r 2
02 0000007b`4d19a760 00007ffc`d2b08aa1     nvwgf2umx!SetDependencyInfo+0x69e79
rax=0000000000000004 rbx=000001b676143f50 rcx=00000000000017cc
rdx=0000000000000000 rsi=0000000000000207 rdi=0000000000000000
rip=00007ffcd2b08859 rsp=0000007b4d19a760 rbp=0000000000000083
 r8=0000007b4d19a6e8  r9=0000000000000000 r10=00000000000017cc
r11=00000000000017cc r12=0000000000000001 r13=0000000000000000
r14=0000007b4d19b210 r15=0000000000000000
iopl=0         nv up ei pl zr na pe nc
cs=0033  ss=002b  ds=002b  es=002b  fs=0053  gs=002b             efl=00000246
nvwgf2umx!SetDependencyInfo+0x69e79:
00007ffc`d2b08859 488b8bc8060000  mov     rcx,qword ptr [rbx+6C8h] ds:000001b6`76144618=000001b6748a4180
0:000> r
rax=0000000000000004 rbx=00000000000017cc rcx=00000000000017cc
rdx=0000000000000000 rsi=00000000000003e8 rdi=0000000000000000
rip=00007ffe204a0e44 rsp=0000007b4d19a6b8 rbp=0000000000000083
 r8=0000007b4d19a6e8  r9=0000000000000000 r10=00000000000017cc
r11=00000000000017cc r12=0000000000000001 r13=0000000000000000
r14=0000007b4d19a6e8 r15=0000000000000000
iopl=0         nv up ei pl zr na pe nc
cs=0033  ss=002b  ds=002b  es=002b  fs=0053  gs=002b             efl=00000246
ntdll!NtWaitForSingleObject+0x14:
00007ffe`204a0e44 c3              ret
0:000> .frame /r e
0e (Inline Function) --------`--------     CommunityShaders!REL::invoke+0x1c [[REDACTED_LOCAL_PATH]]
rax=0000000000000004 rbx=0000007b4d19b210 rcx=00000000000017cc
rdx=0000000000000000 rsi=0000000000000000 rdi=0000007b4d19b350
rip=00007ffce92d5c6f rsp=0000007b4d19af70 rbp=0000007b4d19b070
 r8=0000007b4d19a6e8  r9=0000000000000000 r10=00000000000017cc
r11=00000000000017cc r12=0000007b4d19b6b8 r13=0000000000000000
r14=0000000000000000 r15=0000000000000000
iopl=0         nv up ei pl zr na pe nc
cs=0033  ss=002b  ds=002b  es=002b  fs=0053  gs=002b             efl=00000246
CommunityShaders!REL::invoke+0x1c [inlined in CommunityShaders!``anonymous namespace'::IVRCompositor_Submit::thunk'::`2'::<lambda_4>::operator()+0x92f]:
00007ffc`e92d5c6f 8bf0            mov     esi,eax
0:000> dv /t /v
0:000> .frame /r f
0f (Inline Function) --------`--------     CommunityShaders!REL::Relocation<enum vr::EVRCompositorError __cdecl(vr::IVRCompositor *,enum vr::EVREye,vr::Texture_t const *,vr::VRTextureBounds_t const *,enum vr::EVRSubmitFlags)>::operator()+0x28 [[REDACTED_LOCAL_PATH]]
rax=0000000000000004 rbx=0000007b4d19b210 rcx=00000000000017cc
rdx=0000000000000000 rsi=0000000000000000 rdi=0000007b4d19b350
rip=00007ffce92d5c6f rsp=0000007b4d19af70 rbp=0000007b4d19b070
 r8=0000007b4d19a6e8  r9=0000000000000000 r10=00000000000017cc
r11=00000000000017cc r12=0000007b4d19b6b8 r13=0000000000000000
r14=0000000000000000 r15=0000000000000000
iopl=0         nv up ei pl zr na pe nc
cs=0033  ss=002b  ds=002b  es=002b  fs=0053  gs=002b             efl=00000246
CommunityShaders!REL::Relocation<enum vr::EVRCompositorError __cdecl(vr::IVRCompositor *,enum vr::EVREye,vr::Texture_t const *,vr::VRTextureBounds_t const *,enum vr::EVRSubmitFlags)>::operator()+0x28 [inlined in CommunityShaders!``anonymous namespace'::IVRCompositor_Submit::thunk'::`2'::<lambda_4>::operator()+0x92f]:
00007ffc`e92d5c6f 8bf0            mov     esi,eax
0:000> dv /t /v
<unavailable>     class vr::IVRCompositor ** <a_args_0> = <value unavailable>
0:000> ~~[8b34]s
ntdll!NtDelayExecution+0x14:
00007ffe`204a1444 c3              ret
0:143> r
rax=0000000000000034 rbx=0000007b5533edc0 rcx=0000000000000000
rdx=0000007b5533edc0 rsi=0000007b4d252000 rdi=0000000000000000
rip=00007ffe204a1444 rsp=0000007b5533ece8 rbp=0000000000000000
 r8=0000000000000000  r9=000000007ffea000 r10=0000000000000000
r11=0000000000000000 r12=000001b66efb7160 r13=0000000000000001
r14=0000000000000000 r15=0000000000000001
iopl=0         nv up ei pl zr na pe nc
cs=0033  ss=002b  ds=002b  es=002b  fs=0053  gs=002b             efl=00000246
ntdll!NtDelayExecution+0x14:
00007ffe`204a1444 c3              ret
0:143> kv 30
Child-SP          RetAddr               : Args to Child                                                           : Call Site
0000007b`5533ece8 00007ffe`20413924     : 00000000`00000001 00007ffc`d26ea4bb 000001b6`6efb7160 00000000`00000000 : ntdll!NtDelayExecution+0x14
0000007b`5533ecf0 00007ffe`1da0bb01     : 00000000`00000000 00000000`00000000 0000007b`5533eeb0 00000000`00000000 : ntdll!RtlDelayExecution+0x34
0000007b`5533ed20 00007ffc`d26e9866     : 00000000`00000000 00000000`00000000 00000000`00000000 00000000`80000f00 : KERNELBASE!SleepEx+0x91
0000007b`5533edb0 00007ffc`d26fe414     : 00000000`00000000 00000000`00000000 00000000`00000010 00000000`00000000 : nvwgf2umx!NVAPI_DirectMethods+0x59946
0000007b`5533f350 00007ffc`d26fdfa3     : 00000000`00000000 00007ffc`d27665ef c0023680`80000940 00000000`00000000 : nvwgf2umx!NVAPI_DirectMethods+0x6e4f4
0000007b`5533f3a0 00007ffc`d26faacb     : 000001b6`6e483280 000001bb`2c3ee800 00000000`00000000 00000000`00000003 : nvwgf2umx!NVAPI_DirectMethods+0x6e083
0000007b`5533f430 00007ffc`d26fa03e     : 00000000`014c8695 00007ffc`d28ff4ab 000001b6`6eccde18 00000000`00000000 : nvwgf2umx!NVAPI_DirectMethods+0x6abab
0000007b`5533f520 00007ffc`d26864fd     : 00000000`00000000 00000000`00000000 00000000`00000000 000083b4`20f0cfe7 : nvwgf2umx!NVAPI_DirectMethods+0x6a11e
0000007b`5533f5e0 00007ffc`d268b248     : 000001b6`6efb7160 00000000`00000000 0000007b`5533f740 000001b6`76152ba8 : nvwgf2umx+0x1164fd
0000007b`5533f640 00007ffc`d2687a1e     : 00000000`00000000 000001b6`6eccdb40 00000000`00000012 000001ba`3e904710 : nvwgf2umx+0x11b248
0000007b`5533f890 00007ffc`d285c8d1     : 000001b6`76144300 000001b6`76144d80 00000000`00000000 000001ba`3e904710 : nvwgf2umx+0x117a1e
0000007b`5533f910 00007ffc`d2b083ef     : 000001b6`76143f50 000001b6`76144d80 0000007b`5533f9a0 000001b6`00000001 : nvwgf2umx!NVENCODEAPI_Thunk+0xb8871
0000007b`5533f950 00007ffc`d2b08350     : 00000000`00000001 00000000`00000000 00000000`000007d0 000001b6`76143f50 : nvwgf2umx!SetDependencyInfo+0x69a0f
0000007b`5533f980 00007ffc`d2afcb4d     : 000001b6`76144478 00000000`00000000 00000000`00000000 00000000`00000000 : nvwgf2umx!SetDependencyInfo+0x69970
0000007b`5533fa00 00007ffc`d30124da     : 00000000`00000000 000001b6`75126710 00000000`00000000 00000000`00000000 : nvwgf2umx!SetDependencyInfo+0x5e16d
0000007b`5533fa30 00007ffc`d342a2aa     : 000001b6`6e69e530 00000000`00000000 00000000`00000000 00000000`00000000 : nvwgf2umx!NVDEV_Thunk+0x15ed5a
0000007b`5533fa60 00007ffe`1ebfcd87     : 00000000`00000000 00000000`00000000 00000000`00000000 00000000`00000000 : nvwgf2umx!NVDEV_Thunk+0x576b2a
0000007b`5533fa90 00007ffe`203ecaec     : 00000000`00000000 00000000`00000000 000004f0`fffffb30 000004d0`fffffb30 : kernel32!BaseThreadInitThunk+0x17
0000007b`5533fac0 00000000`00000000     : 00000000`00000000 00000000`00000000 00000000`00000000 00000000`00000000 : ntdll!RtlUserThreadStart+0x2c
0:143> .frame /r c
0c 0000007b`5533f950 00007ffc`d2b08350     nvwgf2umx!SetDependencyInfo+0x69a0f
rax=0000000000000034 rbx=000001b676143f50 rcx=0000000000000000
rdx=0000007b5533edc0 rsi=0000007b5533f9a0 rdi=000001ba3e904710
rip=00007ffcd2b083ef rsp=0000007b5533f950 rbp=000001b676144d80
 r8=0000000000000000  r9=000000007ffea000 r10=0000000000000000
r11=0000000000000000 r12=0000000000000000 r13=0000000000000000
r14=000001b676144300 r15=0000000000000000
iopl=0         nv up ei pl zr na pe nc
cs=0033  ss=002b  ds=002b  es=002b  fs=0053  gs=002b             efl=00000246
nvwgf2umx!SetDependencyInfo+0x69a0f:
00007ffc`d2b083ef 493b3e          cmp     rdi,qword ptr [r14] ds:000001b6`76144300=000001ba3e905fd0
0:143> r
rax=0000000000000034 rbx=0000007b5533edc0 rcx=0000000000000000
rdx=0000007b5533edc0 rsi=0000007b4d252000 rdi=0000000000000000
rip=00007ffe204a1444 rsp=0000007b5533ece8 rbp=0000000000000000
 r8=0000000000000000  r9=000000007ffea000 r10=0000000000000000
r11=0000000000000000 r12=000001b66efb7160 r13=0000000000000001
r14=0000000000000000 r15=0000000000000001
iopl=0         nv up ei pl zr na pe nc
cs=0033  ss=002b  ds=002b  es=002b  fs=0053  gs=002b             efl=00000246
ntdll!NtDelayExecution+0x14:
00007ffe`204a1444 c3              ret
0:143> .frame /r b
0b 0000007b`5533f910 00007ffc`d2b083ef     nvwgf2umx!NVENCODEAPI_Thunk+0xb8871
rax=0000000000000034 rbx=000001b676144d80 rcx=0000000000000000
rdx=0000007b5533edc0 rsi=000001ba3e904710 rdi=000001b66eccdb40
rip=00007ffcd285c8d1 rsp=0000007b5533f910 rbp=000001b676144d80
 r8=0000000000000000  r9=000000007ffea000 r10=0000000000000000
r11=0000000000000000 r12=0000000000000000 r13=0000000000000000
r14=000001b676144300 r15=0000000000000000
iopl=0         nv up ei pl zr na pe nc
cs=0033  ss=002b  ds=002b  es=002b  fs=0053  gs=002b             efl=00000246
nvwgf2umx!NVENCODEAPI_Thunk+0xb8871:
00007ffc`d285c8d1 8be8            mov     ebp,eax
0:143> r
rax=0000000000000034 rbx=0000007b5533edc0 rcx=0000000000000000
rdx=0000007b5533edc0 rsi=0000007b4d252000 rdi=0000000000000000
rip=00007ffe204a1444 rsp=0000007b5533ece8 rbp=0000000000000000
 r8=0000000000000000  r9=000000007ffea000 r10=0000000000000000
r11=0000000000000000 r12=000001b66efb7160 r13=0000000000000001
r14=0000000000000000 r15=0000000000000001
iopl=0         nv up ei pl zr na pe nc
cs=0033  ss=002b  ds=002b  es=002b  fs=0053  gs=002b             efl=00000246
ntdll!NtDelayExecution+0x14:
00007ffe`204a1444 c3              ret
0:143> lmvm nvwgf2umx
start             end                 module name
00007ffc`d2570000 00007ffc`d7b15000   nvwgf2umx   (export symbols)       nvwgf2umx.dll
    Loaded symbol image file: nvwgf2umx.dll
    Image path: [REDACTED_LOCAL_PATH]
    Image name: nvwgf2umx.dll
    Timestamp:        Wed Jul 22 03:06:59 2026 (6A6017B3)
    CheckSum:         0565712A
    ImageSize:        055A5000
    Mapping Form:     Loaded
    File version:     32.0.16.1088
    Product version:  32.0.16.1088
    File flags:       8 (Mask 3F) Private
    File OS:          40004 NT Win32
    File type:        3.4 Driver
    File date:        00000000.00000000
    Translations:     0409.04e4
    Information from resource tables:
        CompanyName:      NVIDIA Corporation
        ProductName:      NVIDIA D3D10 drivers
        InternalName:     nvwgf2um
        OriginalFilename: nvwgf2um.dll
        ProductVersion:   32.0.16.1088
        FileVersion:      32.0.16.1088
        FileDescription:  NVIDIA D3D10 Driver, Version 610.88
        LegalCopyright:   (C) 2026 NVIDIA Corporation. All rights reserved.
0:143> lmvm vrclient_x64
start             end                 module name
00007ffc`da7e0000 00007ffc`dacc4000   vrclient_x64   (export symbols)       vrclient_x64.dll
    Loaded symbol image file: vrclient_x64.dll
    Image path: [REDACTED_LOCAL_PATH]
    Image name: vrclient_x64.dll
    Timestamp:        Sat Aug  8 02:03:36 2026 (6A767258)
    CheckSum:         004CEA12
    ImageSize:        004E4000
    Mapping Form:     Loaded
    File version:     1.1.1.0
    Product version:  1.1.1.0
    File flags:       0 (Mask 17)
    File OS:          4 Unknown Win32
    File type:        1.0 App
    File date:        00000000.00000000
    Translations:     0409.04b0
    Information from resource tables:
        CompanyName:      Valve Corporation
        ProductName:      VR Client
        InternalName:     vrclient
        OriginalFilename: vrclient.dll
        ProductVersion:   1.1.1
        FileVersion:      1.1.1
        FileDescription:  VR Client
        LegalCopyright:   Copyright (C) Valve Corporation
0:143> ln 7ffce8fc1928
[REDACTED_LOCAL_PATH]
(00007ffc`e8fc1750)   CommunityShaders!Diagnostics::ShadowLifetime::`anonymous namespace'::LightDestructor+0x1d8   |  (00007ffc`e8fc1a10)   CommunityShaders!Diagnostics::ShadowLifetime::`anonymous namespace'::AccumulatorConstructor
0:143> q
quit:
NatVis script unloaded from '[REDACTED_LOCAL_PATH]'
NatVis script unloaded from '[REDACTED_LOCAL_PATH]'
NatVis script unloaded from '[REDACTED_LOCAL_PATH]'
NatVis script unloaded from '[REDACTED_LOCAL_PATH]'
NatVis script unloaded from '[REDACTED_LOCAL_PATH]'
NatVis script unloaded from '[REDACTED_LOCAL_PATH]'
NatVis script unloaded from '[REDACTED_LOCAL_PATH]'
NatVis script unloaded from '[REDACTED_LOCAL_PATH]'
NatVis script unloaded from '[REDACTED_LOCAL_PATH]'
NatVis script unloaded from '[REDACTED_LOCAL_PATH]'
NatVis script unloaded from '[REDACTED_LOCAL_PATH]'
